2026-10-06 23:04:18,304 INFO qem.experiment: sweep start: config=group20_qem qubits=[2, 4, 6] depths=(2, 4) noise=('ideal', 'low', 'moderate') seeds=(0, 1, 2, 3, 4) resume=False
2026-10-06 23:04:18,364 INFO qem.experiment: n2_L2_ideal_s0 done in 0.02s (attempts=1, E_exact=0.7273)
2026-10-06 23:04:18,400 INFO qem.experiment: n2_L2_low_s0 done in 0.03s (attempts=1, E_exact=0.7273)
2026-10-06 23:04:18,435 INFO qem.experiment: n2_L2_moderate_s0 done in 0.03s (attempts=1, E_exact=0.7273)
2026-10-06 23:04:18,464 INFO qem.experiment: n2_L2_ideal_s1 done in 0.02s (attempts=1, E_exact=0.3687)
2026-10-06 23:04:18,495 INFO qem.experiment: n2_L2_low_s1 done in 0.03s (attempts=1, E_exact=0.3687)
2026-10-06 23:04:18,527 INFO qem.experiment: n2_L2_moderate_s1 done in 0.03s (attempts=1, E_exact=0.3687)
2026-10-06 23:04:18,557 INFO qem.experiment: n2_L2_ideal_s2 done in 0.02s (attempts=1, E_exact=-0.8725)
2026-10-06 23:04:18,595 INFO qem.experiment: n2_L2_low_s2 done in 0.03s (attempts=1, E_exact=-0.8725)
2026-10-06 23:04:18,636 INFO qem.experiment: n2_L2_moderate_s2 done in 0.03s (attempts=1, E_exact=-0.8725)
2026-10-06 23:04:18,670 INFO qem.experiment: n2_L2_ideal_s3 done in 0.02s (attempts=1, E_exact=0.8506)
2026-10-06 23:04:18,717 INFO qem.experiment: n2_L2_low_s3 done in 0.04s (attempts=1, E_exact=0.8506)
2026-10-06 23:04:18,757 WARNING qem.experiment: n2_L2_moderate_s3 zne_rem: Richardson estimate 1.0123 is outside [-1, 1]
2026-10-06 23:04:18,757 INFO qem.experiment: n2_L2_moderate_s3 done in 0.03s (attempts=1, E_exact=0.8506)
2026-10-06 23:04:18,792 INFO qem.experiment: n2_L2_ideal_s4 done in 0.02s (attempts=1, E_exact=-0.6255)
2026-10-06 23:04:18,827 INFO qem.experiment: n2_L2_low_s4 done in 0.03s (attempts=1, E_exact=-0.6255)
2026-10-06 23:04:18,860 INFO qem.experiment: n2_L2_moderate_s4 done in 0.03s (attempts=1, E_exact=-0.6255)
2026-10-06 23:04:18,895 INFO qem.experiment: n2_L4_ideal_s0 done in 0.02s (attempts=4, E_exact=-0.5707)
2026-10-06 23:04:18,932 INFO qem.experiment: n2_L4_low_s0 done in 0.03s (attempts=4, E_exact=-0.5707)
2026-10-06 23:04:18,973 INFO qem.experiment: n2_L4_moderate_s0 done in 0.03s (attempts=4, E_exact=-0.5707)
2026-10-06 23:04:19,008 INFO qem.experiment: n2_L4_ideal_s1 done in 0.02s (attempts=3, E_exact=-0.3905)
2026-10-06 23:04:19,044 INFO qem.experiment: n2_L4_low_s1 done in 0.03s (attempts=3, E_exact=-0.3905)
2026-10-06 23:04:19,080 INFO qem.experiment: n2_L4_moderate_s1 done in 0.03s (attempts=3, E_exact=-0.3905)
2026-10-06 23:04:19,114 INFO qem.experiment: n2_L4_ideal_s2 done in 0.02s (attempts=1, E_exact=-0.3938)
2026-10-06 23:04:19,152 INFO qem.experiment: n2_L4_low_s2 done in 0.03s (attempts=1, E_exact=-0.3938)
2026-10-06 23:04:19,190 INFO qem.experiment: n2_L4_moderate_s2 done in 0.03s (attempts=1, E_exact=-0.3938)
2026-10-06 23:04:19,240 INFO qem.experiment: n2_L4_ideal_s3 done in 0.03s (attempts=1, E_exact=0.5393)
2026-10-06 23:04:19,280 INFO qem.experiment: n2_L4_low_s3 done in 0.03s (attempts=1, E_exact=0.5393)
2026-10-06 23:04:19,318 INFO qem.experiment: n2_L4_moderate_s3 done in 0.03s (attempts=1, E_exact=0.5393)
2026-10-06 23:04:19,355 INFO qem.experiment: n2_L4_ideal_s4 done in 0.02s (attempts=2, E_exact=-0.6944)
2026-10-06 23:04:19,394 INFO qem.experiment: n2_L4_low_s4 done in 0.03s (attempts=2, E_exact=-0.6944)
2026-10-06 23:04:19,435 INFO qem.experiment: n2_L4_moderate_s4 done in 0.03s (attempts=2, E_exact=-0.6944)
2026-10-06 23:04:19,491 INFO qem.experiment: n4_L2_ideal_s0 done in 0.04s (attempts=2, E_exact=0.4001)
2026-10-06 23:04:19,570 INFO qem.experiment: n4_L2_low_s0 done in 0.07s (attempts=2, E_exact=0.4001)
2026-10-06 23:04:19,651 INFO qem.experiment: n4_L2_moderate_s0 done in 0.07s (attempts=2, E_exact=0.4001)
2026-10-06 23:04:19,709 INFO qem.experiment: n4_L2_ideal_s1 done in 0.04s (attempts=4, E_exact=-0.7028)
2026-10-06 23:04:19,790 INFO qem.experiment: n4_L2_low_s1 done in 0.07s (attempts=4, E_exact=-0.7028)
2026-10-06 23:04:19,871 INFO qem.experiment: n4_L2_moderate_s1 done in 0.07s (attempts=4, E_exact=-0.7028)
2026-10-06 23:04:19,930 INFO qem.experiment: n4_L2_ideal_s2 done in 0.04s (attempts=4, E_exact=0.3215)
2026-10-06 23:04:20,010 INFO qem.experiment: n4_L2_low_s2 done in 0.07s (attempts=4, E_exact=0.3215)
2026-10-06 23:04:20,090 INFO qem.experiment: n4_L2_moderate_s2 done in 0.07s (attempts=4, E_exact=0.3215)
2026-10-06 23:04:20,147 INFO qem.experiment: n4_L2_ideal_s3 done in 0.04s (attempts=1, E_exact=0.6424)
2026-10-06 23:04:20,233 INFO qem.experiment: n4_L2_low_s3 done in 0.07s (attempts=1, E_exact=0.6424)
2026-10-06 23:04:20,314 INFO qem.experiment: n4_L2_moderate_s3 done in 0.07s (attempts=1, E_exact=0.6424)
2026-10-06 23:04:20,371 INFO qem.experiment: n4_L2_ideal_s4 done in 0.04s (attempts=1, E_exact=-0.6636)
2026-10-06 23:04:20,452 INFO qem.experiment: n4_L2_low_s4 done in 0.07s (attempts=1, E_exact=-0.6636)
2026-10-06 23:04:20,533 INFO qem.experiment: n4_L2_moderate_s4 done in 0.07s (attempts=1, E_exact=-0.6636)
2026-10-06 23:04:20,601 INFO qem.experiment: n4_L4_ideal_s0 done in 0.05s (attempts=3, E_exact=0.4084)
2026-10-06 23:04:20,687 INFO qem.experiment: n4_L4_low_s0 done in 0.07s (attempts=3, E_exact=0.4084)
2026-10-06 23:04:20,777 INFO qem.experiment: n4_L4_moderate_s0 done in 0.08s (attempts=3, E_exact=0.4084)
2026-10-06 23:04:20,858 INFO qem.experiment: n4_L4_ideal_s1 done in 0.06s (attempts=2, E_exact=-0.3295)
2026-10-06 23:04:20,950 INFO qem.experiment: n4_L4_low_s1 done in 0.08s (attempts=2, E_exact=-0.3295)
2026-10-06 23:04:21,036 INFO qem.experiment: n4_L4_moderate_s1 done in 0.07s (attempts=2, E_exact=-0.3295)
2026-10-06 23:04:21,110 INFO qem.experiment: n4_L4_ideal_s2 done in 0.05s (attempts=7, E_exact=-0.3822)
2026-10-06 23:04:21,197 INFO qem.experiment: n4_L4_low_s2 done in 0.07s (attempts=7, E_exact=-0.3822)
2026-10-06 23:04:21,290 INFO qem.experiment: n4_L4_moderate_s2 done in 0.08s (attempts=7, E_exact=-0.3822)
2026-10-06 23:04:21,359 INFO qem.experiment: n4_L4_ideal_s3 done in 0.05s (attempts=2, E_exact=0.5778)
2026-10-06 23:04:21,448 INFO qem.experiment: n4_L4_low_s3 done in 0.08s (attempts=2, E_exact=0.5778)
2026-10-06 23:04:21,537 INFO qem.experiment: n4_L4_moderate_s3 done in 0.08s (attempts=2, E_exact=0.5778)
2026-10-06 23:04:21,616 INFO qem.experiment: n4_L4_ideal_s4 done in 0.05s (attempts=1, E_exact=-0.3884)
2026-10-06 23:04:21,729 INFO qem.experiment: n4_L4_low_s4 done in 0.10s (attempts=1, E_exact=-0.3884)
2026-10-06 23:04:21,842 INFO qem.experiment: n4_L4_moderate_s4 done in 0.10s (attempts=1, E_exact=-0.3884)
2026-10-06 23:04:21,991 INFO qem.experiment: n6_L2_ideal_s0 done in 0.12s (attempts=2, E_exact=0.4215)
2026-10-06 23:04:22,284 INFO qem.experiment: n6_L2_low_s0 done in 0.28s (attempts=2, E_exact=0.4215)
2026-10-06 23:04:22,584 INFO qem.experiment: n6_L2_moderate_s0 done in 0.28s (attempts=2, E_exact=0.4215)
2026-10-06 23:04:22,730 INFO qem.experiment: n6_L2_ideal_s1 done in 0.12s (attempts=4, E_exact=0.3602)
2026-10-06 23:04:23,017 INFO qem.experiment: n6_L2_low_s1 done in 0.27s (attempts=4, E_exact=0.3602)
2026-10-06 23:04:23,306 INFO qem.experiment: n6_L2_moderate_s1 done in 0.27s (attempts=4, E_exact=0.3602)
2026-10-06 23:04:23,488 INFO qem.experiment: n6_L2_ideal_s2 done in 0.12s (attempts=34, E_exact=0.3208)
2026-10-06 23:04:23,767 INFO qem.experiment: n6_L2_low_s2 done in 0.26s (attempts=34, E_exact=0.3208)
2026-10-06 23:04:24,047 INFO qem.experiment: n6_L2_moderate_s2 done in 0.27s (attempts=34, E_exact=0.3208)
2026-10-06 23:04:24,207 INFO qem.experiment: n6_L2_ideal_s3 done in 0.12s (attempts=16, E_exact=-0.4031)
2026-10-06 23:04:24,487 INFO qem.experiment: n6_L2_low_s3 done in 0.26s (attempts=16, E_exact=-0.4031)
2026-10-06 23:04:24,769 INFO qem.experiment: n6_L2_moderate_s3 done in 0.27s (attempts=16, E_exact=-0.4031)
2026-10-06 23:04:24,953 INFO qem.experiment: n6_L2_ideal_s4 done in 0.12s (attempts=35, E_exact=0.3819)
2026-10-06 23:04:25,266 INFO qem.experiment: n6_L2_low_s4 done in 0.30s (attempts=35, E_exact=0.3819)
2026-10-06 23:04:25,557 INFO qem.experiment: n6_L2_moderate_s4 done in 0.27s (attempts=35, E_exact=0.3819)
2026-10-06 23:04:25,759 INFO qem.experiment: n6_L4_ideal_s0 done in 0.14s (attempts=13, E_exact=-0.3107)
2026-10-06 23:04:26,067 INFO qem.experiment: n6_L4_low_s0 done in 0.29s (attempts=13, E_exact=-0.3107)
2026-10-06 23:04:26,373 INFO qem.experiment: n6_L4_moderate_s0 done in 0.29s (attempts=13, E_exact=-0.3107)
2026-10-06 23:04:26,563 INFO qem.experiment: n6_L4_ideal_s1 done in 0.14s (attempts=14, E_exact=0.4354)
2026-10-06 23:04:26,875 INFO qem.experiment: n6_L4_low_s1 done in 0.29s (attempts=14, E_exact=0.4354)
2026-10-06 23:04:27,181 INFO qem.experiment: n6_L4_moderate_s1 done in 0.29s (attempts=14, E_exact=0.4354)
2026-10-06 23:04:27,375 INFO qem.experiment: n6_L4_ideal_s2 done in 0.13s (attempts=18, E_exact=0.3695)
2026-10-06 23:04:27,679 INFO qem.experiment: n6_L4_low_s2 done in 0.29s (attempts=18, E_exact=0.3695)
2026-10-06 23:04:27,981 INFO qem.experiment: n6_L4_moderate_s2 done in 0.28s (attempts=18, E_exact=0.3695)
2026-10-06 23:04:28,158 INFO qem.experiment: n6_L4_ideal_s3 done in 0.13s (attempts=8, E_exact=0.3837)
2026-10-06 23:04:28,469 INFO qem.experiment: n6_L4_low_s3 done in 0.29s (attempts=8, E_exact=0.3837)
2026-10-06 23:04:28,775 INFO qem.experiment: n6_L4_moderate_s3 done in 0.29s (attempts=8, E_exact=0.3837)
2026-10-06 23:04:28,964 INFO qem.experiment: n6_L4_ideal_s4 done in 0.13s (attempts=15, E_exact=0.3382)
2026-10-06 23:04:29,267 INFO qem.experiment: n6_L4_low_s4 done in 0.28s (attempts=15, E_exact=0.3382)
2026-10-06 23:04:29,576 INFO qem.experiment: n6_L4_moderate_s4 done in 0.29s (attempts=15, E_exact=0.3382)
2026-10-06 23:04:29,612 INFO qem.experiment: sweep finished: 360 rows in 11.3s
2026-10-06 23:04:29,613 INFO qem.experiment: spot-check: mean abs_error of none at moderate (0.1811) > low (0.0759)
